// Jest Snapshot v1, https://goo.gl/fbAQLP

exports[`Header component matches snapshot 1`] = `
<div>
  <header
    class="header"
  >
    <div
      class="header-content"
    >
      <section
        class="first-section"
      >
        <a
          aria-label="Logo"
          class="logo-container"
          data-discover="true"
          href="/"
        >
          <div
            class="logo"
          />
        </a>
      </section>
      <section
        class="second-section"
      >
        <a
          class="link-wrapper"
          data-discover="true"
          href="/wishlist"
        >
          <svg
            fill="none"
            font-size="24"
            height="1em"
            stroke="currentColor"
            stroke-linecap="round"
            stroke-linejoin="round"
            stroke-width="2"
            viewBox="0 0 24 24"
            width="1em"
            xmlns="http://www.w3.org/2000/svg"
          >
            <path
              d="M20.84 4.61a5.5 5.5 0 0 0-7.78 0L12 5.67l-1.06-1.06a5.5 5.5 0 0 0-7.78 7.78l1.06 1.06L12 21.23l7.78-7.78 1.06-1.06a5.5 5.5 0 0 0 0-7.78z"
            />
          </svg>
          <span>
            Wishlist
          </span>
        </a>
        <span
          aria-label="User"
          role="button"
          style="cursor: pointer;"
        >
          <svg
            fill="currentColor"
            font-size="28"
            height="1em"
            stroke="currentColor"
            stroke-width="0"
            viewBox="0 0 496 512"
            width="1em"
            xmlns="http://www.w3.org/2000/svg"
          >
            <path
              d="M248 8C111 8 0 119 0 256s111 248 248 248 248-111 248-248S385 8 248 8zm0 96c48.6 0 88 39.4 88 88s-39.4 88-88 88-88-39.4-88-88 39.4-88 88-88zm0 344c-58.7 0-111.3-26.6-146.5-68.2 18.8-35.4 55.6-59.8 98.5-59.8 2.4 0 4.8.4 7.1 1.1 13 4.2 26.6 6.9 40.9 6.9 14.3 0 28-2.7 40.9-6.9 2.3-.7 4.7-1.1 7.1-1.1 42.9 0 79.7 24.4 98.5 59.8C359.3 421.4 306.7 448 248 448z"
            />
          </svg>
        </span>
      </section>
    </div>
  </header>
</div>
`;
