// Jest Snapshot v1, https://goo.gl/fbAQLP

exports[`CustomLink component matches snapshot 1`] = `
<div>
  <a
    class="link-wrapper"
    data-discover="true"
    href="/wishlist"
  >
    <span>
      Home
    </span>
  </a>
</div>
`;
